[18:28:40][Nit-1] Root folder: C:\Users\Marko\Desktop\Mare Skola\Sistemsko programiranje\projekat1\PalindromeServer\Files
[18:28:40][Nit-10] Server pokrenut na http://localhost:5050/
[18:28:40][Nit-9] Worker nit pokrenuta
[18:28:40][Nit-8] Worker nit pokrenuta
[18:28:40][Nit-6] Worker nit pokrenuta
[18:28:40][Nit-11] Worker nit pokrenuta
[18:28:40][Nit-9] RED PRAZAN: Worker ceka...
[18:28:40][Nit-8] RED PRAZAN: Worker ceka...
[18:28:40][Nit-6] RED PRAZAN: Worker ceka...
[18:28:40][Nit-11] RED PRAZAN: Worker ceka...
[18:28:55][Nit-10] ZAHTEV PRIMLJEN: 'fajl1.txt'
[18:28:55][Nit-10] RED: Dodat zahtev, u redu: 1
[18:28:55][Nit-9] RED: Uzet zahtev, ostalo: 0
[18:28:55][Nit-8] RED PRAZAN: Worker ceka...
[18:28:55][Nit-9] OBRADA: 'fajl1.txt'
[18:28:55][Nit-9] FAJL PRONADJEN: C:\Users\Marko\Desktop\Mare Skola\Sistemsko programiranje\projekat1\PalindromeServer\Files\fajl1.txt
[18:28:55][Nit-9] POZIVAM GetOrCompute...
[18:28:55][Nit-9] KES MISS: 'fajl1.txt' - ova nit ce racunati rezultat
[18:28:55][Nit-9] BROJANJE palindroma u: C:\Users\Marko\Desktop\Mare Skola\Sistemsko programiranje\projekat1\PalindromeServer\Files\fajl1.txt
[18:28:57][Nit-9] PALINDROM: 'ana'
[18:28:57][Nit-9] PALINDROM: 'oko'
[18:28:57][Nit-9] PALINDROM: 'radar'
[18:28:57][Nit-9] UKUPNO palindroma: 3
[18:28:57][Nit-9] KES: Upisan rezultat za 'fajl1.txt' = 3
[18:28:57][Nit-9] GetOrCompute ZAVRSIO: 3
[18:28:57][Nit-9] ODGOVOR POSLAT: Fajl 'fajl1.txt' sadrzi 3 palindroma.
[18:28:57][Nit-9] RED PRAZAN: Worker ceka...
[18:28:57][Nit-10] ZAHTEV PRIMLJEN: 'fajl1.txt'
[18:28:57][Nit-10] RED: Dodat zahtev, u redu: 1
[18:28:57][Nit-6] RED: Uzet zahtev, ostalo: 0
[18:28:57][Nit-6] OBRADA: 'fajl1.txt'
[18:28:57][Nit-11] RED PRAZAN: Worker ceka...
[18:28:57][Nit-6] FAJL PRONADJEN: C:\Users\Marko\Desktop\Mare Skola\Sistemsko programiranje\projekat1\PalindromeServer\Files\fajl1.txt
[18:28:57][Nit-6] POZIVAM GetOrCompute...
[18:28:57][Nit-6] KES HIT: 'fajl1.txt'
[18:28:57][Nit-6] GetOrCompute ZAVRSIO: 3
[18:28:57][Nit-6] ODGOVOR POSLAT: Fajl 'fajl1.txt' sadrzi 3 palindroma.
[18:28:57][Nit-6] RED PRAZAN: Worker ceka...
[18:28:57][Nit-10] ZAHTEV PRIMLJEN: 'fajl1.txt'
[18:28:57][Nit-10] RED: Dodat zahtev, u redu: 1
[18:28:57][Nit-8] RED: Uzet zahtev, ostalo: 0
[18:28:57][Nit-8] OBRADA: 'fajl1.txt'
[18:28:57][Nit-9] RED PRAZAN: Worker ceka...
[18:28:57][Nit-8] FAJL PRONADJEN: C:\Users\Marko\Desktop\Mare Skola\Sistemsko programiranje\projekat1\PalindromeServer\Files\fajl1.txt
[18:28:57][Nit-8] POZIVAM GetOrCompute...
[18:28:57][Nit-8] KES HIT: 'fajl1.txt'
[18:28:57][Nit-8] GetOrCompute ZAVRSIO: 3
[18:28:57][Nit-8] ODGOVOR POSLAT: Fajl 'fajl1.txt' sadrzi 3 palindroma.
[18:28:57][Nit-8] RED PRAZAN: Worker ceka...
[18:28:57][Nit-10] ZAHTEV PRIMLJEN: 'fajl1.txt'
[18:28:57][Nit-10] RED: Dodat zahtev, u redu: 1
[18:28:57][Nit-11] RED: Uzet zahtev, ostalo: 0
[18:28:57][Nit-11] OBRADA: 'fajl1.txt'
[18:28:57][Nit-6] RED PRAZAN: Worker ceka...
[18:28:57][Nit-11] FAJL PRONADJEN: C:\Users\Marko\Desktop\Mare Skola\Sistemsko programiranje\projekat1\PalindromeServer\Files\fajl1.txt
[18:28:57][Nit-11] POZIVAM GetOrCompute...
[18:28:57][Nit-11] KES HIT: 'fajl1.txt'
[18:28:57][Nit-11] GetOrCompute ZAVRSIO: 3
[18:28:57][Nit-11] ODGOVOR POSLAT: Fajl 'fajl1.txt' sadrzi 3 palindroma.
[18:28:57][Nit-11] RED PRAZAN: Worker ceka...
[18:28:57][Nit-10] ZAHTEV PRIMLJEN: 'fajl1.txt'
[18:28:57][Nit-10] RED: Dodat zahtev, u redu: 1
[18:28:57][Nit-9] RED: Uzet zahtev, ostalo: 0
[18:28:57][Nit-9] OBRADA: 'fajl1.txt'
[18:28:57][Nit-8] RED PRAZAN: Worker ceka...
[18:28:57][Nit-9] FAJL PRONADJEN: C:\Users\Marko\Desktop\Mare Skola\Sistemsko programiranje\projekat1\PalindromeServer\Files\fajl1.txt
[18:28:57][Nit-9] POZIVAM GetOrCompute...
[18:28:57][Nit-9] KES HIT: 'fajl1.txt'
[18:28:57][Nit-9] GetOrCompute ZAVRSIO: 3
[18:28:57][Nit-9] ODGOVOR POSLAT: Fajl 'fajl1.txt' sadrzi 3 palindroma.
[18:28:57][Nit-9] RED PRAZAN: Worker ceka...
[18:34:58][Nit-1] Root folder: C:\Users\Marko\Desktop\Mare Skola\Sistemsko programiranje\projekat1\PalindromeServer\Files
[18:34:58][Nit-10] Server pokrenut na http://localhost:5050/
[18:34:58][Nit-7] Worker nit pokrenuta
[18:34:58][Nit-4] Worker nit pokrenuta
[18:34:58][Nit-7] RED PRAZAN: Worker ceka...
[18:34:58][Nit-4] RED PRAZAN: Worker ceka...
[18:34:58][Nit-9] Worker nit pokrenuta
[18:34:58][Nit-11] Worker nit pokrenuta
[18:34:58][Nit-9] RED PRAZAN: Worker ceka...
[18:34:58][Nit-11] RED PRAZAN: Worker ceka...
[18:35:08][Nit-1] RED: Zaustavljanje
[18:35:08][Nit-1] Server zaustavljen
[18:35:08][Nit-1] Server ugasen
[18:35:08][Nit-7] Worker nit zavrsila
[18:36:16][Nit-1] Root folder: C:\Users\Marko\Desktop\Mare Skola\Sistemsko programiranje\projekat1\PalindromeServer\Files
[18:36:16][Nit-10] Server pokrenut na http://localhost:5050/
[18:36:16][Nit-7] Worker nit pokrenuta
[18:36:16][Nit-4] Worker nit pokrenuta
[18:36:16][Nit-7] RED PRAZAN: Worker ceka...
[18:36:16][Nit-4] RED PRAZAN: Worker ceka...
[18:36:16][Nit-9] Worker nit pokrenuta
[18:36:16][Nit-11] Worker nit pokrenuta
[18:36:16][Nit-9] RED PRAZAN: Worker ceka...
[18:36:16][Nit-11] RED PRAZAN: Worker ceka...
[18:36:23][Nit-1] RED: Zaustavljanje
[18:36:23][Nit-9] Worker nit zavrsila
[18:36:23][Nit-11] Worker nit zavrsila
[18:36:23][Nit-4] Worker nit zavrsila
[18:36:23][Nit-1] Server zaustavljen
[18:36:23][Nit-7] Worker nit zavrsila
[18:36:23][Nit-1] Server ugasen
